###############################################################################
#
# IAR ELF Linker V7.10.1.6676/W32 for ARM                 17/Aug/2017  18:56:16
# Copyright 2007-2014 IAR Systems AB.
#
#    Output file  =  
#        E:\Andy(2015.03.22-)\Project\Fire Alarm
#        System\Sensor\SoftWare\Sensor_Software_V0.2\Debug\Exe\Stm32Software.out
#    Map file     =  
#        E:\Andy(2015.03.22-)\Project\Fire Alarm
#        System\Sensor\SoftWare\Sensor_Software_V0.2\Debug\List\Stm32Software.map
#    Command line =  
#        "E:\Andy(2015.03.22-)\Project\Fire Alarm
#        System\Sensor\SoftWare\Sensor_Software_V0.2\Debug\Obj\Bottom.o"
#        "E:\Andy(2015.03.22-)\Project\Fire Alarm
#        System\Sensor\SoftWare\Sensor_Software_V0.2\Debug\Obj\HZFont.o"
#        "E:\Andy(2015.03.22-)\Project\Fire Alarm
#        System\Sensor\SoftWare\Sensor_Software_V0.2\Debug\Obj\Logic.o"
#        "E:\Andy(2015.03.22-)\Project\Fire Alarm
#        System\Sensor\SoftWare\Sensor_Software_V0.2\Debug\Obj\main.o"
#        "E:\Andy(2015.03.22-)\Project\Fire Alarm
#        System\Sensor\SoftWare\Sensor_Software_V0.2\Debug\Obj\misc.o"
#        "E:\Andy(2015.03.22-)\Project\Fire Alarm
#        System\Sensor\SoftWare\Sensor_Software_V0.2\Debug\Obj\startup_stm32f10x_md.o"
#        "E:\Andy(2015.03.22-)\Project\Fire Alarm
#        System\Sensor\SoftWare\Sensor_Software_V0.2\Debug\Obj\stm32f10x_adc.o"
#        "E:\Andy(2015.03.22-)\Project\Fire Alarm
#        System\Sensor\SoftWare\Sensor_Software_V0.2\Debug\Obj\stm32f10x_bkp.o"
#        "E:\Andy(2015.03.22-)\Project\Fire Alarm
#        System\Sensor\SoftWare\Sensor_Software_V0.2\Debug\Obj\stm32f10x_can.o"
#        "E:\Andy(2015.03.22-)\Project\Fire Alarm
#        System\Sensor\SoftWare\Sensor_Software_V0.2\Debug\Obj\stm32f10x_cec.o"
#        "E:\Andy(2015.03.22-)\Project\Fire Alarm
#        System\Sensor\SoftWare\Sensor_Software_V0.2\Debug\Obj\stm32f10x_crc.o"
#        "E:\Andy(2015.03.22-)\Project\Fire Alarm
#        System\Sensor\SoftWare\Sensor_Software_V0.2\Debug\Obj\stm32f10x_dac.o"
#        "E:\Andy(2015.03.22-)\Project\Fire Alarm
#        System\Sensor\SoftWare\Sensor_Software_V0.2\Debug\Obj\stm32f10x_dbgmcu.o"
#        "E:\Andy(2015.03.22-)\Project\Fire Alarm
#        System\Sensor\SoftWare\Sensor_Software_V0.2\Debug\Obj\stm32f10x_dma.o"
#        "E:\Andy(2015.03.22-)\Project\Fire Alarm
#        System\Sensor\SoftWare\Sensor_Software_V0.2\Debug\Obj\stm32f10x_exti.o"
#        "E:\Andy(2015.03.22-)\Project\Fire Alarm
#        System\Sensor\SoftWare\Sensor_Software_V0.2\Debug\Obj\stm32f10x_flash.o"
#        "E:\Andy(2015.03.22-)\Project\Fire Alarm
#        System\Sensor\SoftWare\Sensor_Software_V0.2\Debug\Obj\stm32f10x_fsmc.o"
#        "E:\Andy(2015.03.22-)\Project\Fire Alarm
#        System\Sensor\SoftWare\Sensor_Software_V0.2\Debug\Obj\stm32f10x_gpio.o"
#        "E:\Andy(2015.03.22-)\Project\Fire Alarm
#        System\Sensor\SoftWare\Sensor_Software_V0.2\Debug\Obj\stm32f10x_i2c.o"
#        "E:\Andy(2015.03.22-)\Project\Fire Alarm
#        System\Sensor\SoftWare\Sensor_Software_V0.2\Debug\Obj\stm32f10x_it.o"
#        "E:\Andy(2015.03.22-)\Project\Fire Alarm
#        System\Sensor\SoftWare\Sensor_Software_V0.2\Debug\Obj\stm32f10x_iwdg.o"
#        "E:\Andy(2015.03.22-)\Project\Fire Alarm
#        System\Sensor\SoftWare\Sensor_Software_V0.2\Debug\Obj\stm32f10x_pwr.o"
#        "E:\Andy(2015.03.22-)\Project\Fire Alarm
#        System\Sensor\SoftWare\Sensor_Software_V0.2\Debug\Obj\stm32f10x_rcc.o"
#        "E:\Andy(2015.03.22-)\Project\Fire Alarm
#        System\Sensor\SoftWare\Sensor_Software_V0.2\Debug\Obj\stm32f10x_rtc.o"
#        "E:\Andy(2015.03.22-)\Project\Fire Alarm
#        System\Sensor\SoftWare\Sensor_Software_V0.2\Debug\Obj\stm32f10x_sdio.o"
#        "E:\Andy(2015.03.22-)\Project\Fire Alarm
#        System\Sensor\SoftWare\Sensor_Software_V0.2\Debug\Obj\stm32f10x_spi.o"
#        "E:\Andy(2015.03.22-)\Project\Fire Alarm
#        System\Sensor\SoftWare\Sensor_Software_V0.2\Debug\Obj\stm32f10x_tim.o"
#        "E:\Andy(2015.03.22-)\Project\Fire Alarm
#        System\Sensor\SoftWare\Sensor_Software_V0.2\Debug\Obj\stm32f10x_usart.o"
#        "E:\Andy(2015.03.22-)\Project\Fire Alarm
#        System\Sensor\SoftWare\Sensor_Software_V0.2\Debug\Obj\stm32f10x_wwdg.o"
#        "E:\Andy(2015.03.22-)\Project\Fire Alarm
#        System\Sensor\SoftWare\Sensor_Software_V0.2\Debug\Obj\system_stm32f10x.o"
#        "E:\Andy(2015.03.22-)\Project\Fire Alarm
#        System\Sensor\SoftWare\Sensor_Software_V0.2\Debug\Obj\Variable.o" -o
#        "E:\Andy(2015.03.22-)\Project\Fire Alarm
#        System\Sensor\SoftWare\Sensor_Software_V0.2\Debug\Exe\Stm32Software.out"
#        --map "E:\Andy(2015.03.22-)\Project\Fire Alarm
#        System\Sensor\SoftWare\Sensor_Software_V0.2\Debug\List\Stm32Software.map"
#        --config "E:\Andy(2015.03.22-)\Project\Fire Alarm
#        System\Sensor\SoftWare\Sensor_Software_V0.2\EVARM\stm32f10x_flash.icf"
#        --semihosting --entry __iar_program_start --merge_duplicate_sections
#        --vfe
#
###############################################################################

*******************************************************************************
*** RUNTIME MODEL ATTRIBUTES
***

CppFlavor       = *
__SystemLibrary = DLib


*******************************************************************************
*** PLACEMENT SUMMARY
***

"A1":  place at 0x08000000 { ro section .intvec };
"P1":  place in [from 0x08000000 to 0x080fffff] { ro };
"P2":  place in [from 0x20000000 to 0x20017fff] { rw, block CSTACK, block HEAP };

  Section            Kind        Address    Size  Object
  -------            ----        -------    ----  ------
"A1":                                       0xec
  .intvec            ro code  0x08000000    0xec  startup_stm32f10x_md.o [1]
                            - 0x080000ec    0xec

"P1":                                     0x3130
  .text              ro code  0x080000ec  0x1010  Logic.o [1]
  .text              ro code  0x080010fc   0x738  Bottom.o [1]
  .text              ro code  0x08001834    0x2c  I32ToDbl.o [4]
  .text              ro code  0x08001860   0x1a2  DblMul.o [4]
  .text              ro code  0x08001a02    0x2e  copy_init3.o [5]
  .text              ro code  0x08001a30    0x4c  DblToI32.o [4]
  .text              ro code  0x08001a7c    0xc4  stm32f10x_rcc.o [1]
  .text              ro code  0x08001b40   0x17c  stm32f10x_flash.o [1]
  .text              ro code  0x08001cbc     0xc  memcpy.o [3]
  .text              ro code  0x08001cc8    0xc8  stm32f10x_gpio.o [1]
  .text              ro code  0x08001d90    0x38  stm32f10x_iwdg.o [1]
  .text              ro code  0x08001dc8   0x2f0  stm32f10x_tim.o [1]
  .text              ro code  0x080020b8    0x80  misc.o [1]
  .text              ro code  0x08002138   0x574  stm32f10x_can.o [1]
  .text              ro code  0x080026ac   0x1b4  stm32f10x_dma.o [1]
  .text              ro code  0x08002860   0x1a4  stm32f10x_adc.o [1]
  .text              ro code  0x08002a04    0x76  ABImemcpy_unaligned.o [5]
  .text              ro code  0x08002a7a    0x22  zero_init3.o [5]
  .text              ro code  0x08002a9c   0x4bc  stm32f10x_it.o [1]
  .text              ro code  0x08002f58   0x15c  system_stm32f10x.o [1]
  .text              ro code  0x080030b4    0x90  main.o [1]
  .text              ro code  0x08003144    0x28  data_init.o [5]
  .iar.init_table    const    0x0800316c    0x24  - Linker created -
  .text              ro code  0x08003190    0x1a  cmain.o [5]
  .text              ro code  0x080031aa     0x4  low_level_init.o [3]
  .text              ro code  0x080031ae     0x4  exit.o [3]
  .text              ro code  0x080031b4     0xa  cexit.o [5]
  .text              ro code  0x080031c0    0x14  exit.o [6]
  .text              ro code  0x080031d4    0x10  startup_stm32f10x_md.o [1]
  .text              ro code  0x080031e4     0xc  cstartup_M.o [5]
  .text              ro code  0x080031f0     0x4  startup_stm32f10x_md.o [1]
  .rodata            const    0x080031f4     0x0  zero_init3.o [5]
  .rodata            const    0x080031f4     0x0  copy_init3.o [5]
  Initializer bytes  ro data  0x080031f4    0x28  <for P2 s0>
                            - 0x0800321c  0x3130

"P2", part 1 of 3:                          0x28
  P2 s0                       0x20000000    0x28  <Init block>
    .data            inited   0x20000000     0xc  Logic.o [1]
    .data            inited   0x2000000c     0x8  Logic.o [1]
    .data            inited   0x20000014     0x8  Logic.o [1]
    .data            inited   0x2000001c     0x8  Logic.o [1]
    .data            inited   0x20000024     0x2  stm32f10x_it.o [1]
    .data            inited   0x20000026     0x1  stm32f10x_it.o [1]
                            - 0x20000028    0x28

"P2", part 2 of 3:                         0x160
  .bss               zero     0x20000028    0x50  Logic.o [1]
  .bss               zero     0x20000078    0x40  Logic.o [1]
  .bss               zero     0x200000b8    0x28  Bottom.o [1]
  .bss               zero     0x200000e0    0x14  Logic.o [1]
  .bss               zero     0x200000f4    0x14  stm32f10x_it.o [1]
  .bss               zero     0x20000108    0x14  stm32f10x_it.o [1]
  .bss               zero     0x2000011c     0xc  Variable.o [1]
  .bss               zero     0x20000128     0x8  Logic.o [1]
  .bss               zero     0x20000130     0x4  Logic.o [1]
  .bss               zero     0x20000134     0x4  Logic.o [1]
  .bss               zero     0x20000138     0x4  Logic.o [1]
  .bss               zero     0x2000013c     0x4  main.o [1]
  .bss               zero     0x20000140     0x4  stm32f10x_it.o [1]
  .bss               zero     0x20000144     0x4  stm32f10x_it.o [1]
  .bss               zero     0x20000148     0x4  Variable.o [1]
  .bss               zero     0x2000014c     0x2  Logic.o [1]
  .bss               zero     0x2000014e     0x2  Logic.o [1]
  .bss               zero     0x20000150     0x2  Logic.o [1]
  .bss               zero     0x20000152     0x2  stm32f10x_it.o [1]
  .bss               zero     0x20000154     0x1  Bottom.o [1]
  .bss               zero     0x20000155     0x1  Bottom.o [1]
  .bss               zero     0x20000156     0x1  Logic.o [1]
  .bss               zero     0x20000157     0x1  Logic.o [1]
  .bss               zero     0x20000158     0x1  Logic.o [1]
  .bss               zero     0x20000159     0x1  Logic.o [1]
  .bss               zero     0x2000015a     0x1  Logic.o [1]
  .bss               zero     0x2000015b     0x1  Logic.o [1]
  .bss               zero     0x2000015c     0x1  Logic.o [1]
  .bss               zero     0x2000015d     0x1  Logic.o [1]
  .bss               zero     0x2000015e     0x1  Logic.o [1]
  .bss               zero     0x2000015f     0x1  Logic.o [1]
  .bss               zero     0x20000160     0x1  Logic.o [1]
  .bss               zero     0x20000161     0x1  Logic.o [1]
  .bss               zero     0x20000162     0x1  Logic.o [1]
  .bss               zero     0x20000163     0x1  Logic.o [1]
  .bss               zero     0x20000164     0x1  Logic.o [1]
  .bss               zero     0x20000165     0x1  Logic.o [1]
  .bss               zero     0x20000166     0x1  Logic.o [1]
  .bss               zero     0x20000167     0x1  Logic.o [1]
  .bss               zero     0x20000168     0x1  Logic.o [1]
  .bss               zero     0x20000169     0x1  Logic.o [1]
  .bss               zero     0x2000016a     0x1  Logic.o [1]
  .bss               zero     0x2000016b     0x1  Logic.o [1]
  .bss               zero     0x2000016c     0x1  Logic.o [1]
  .bss               zero     0x2000016d     0x1  Logic.o [1]
  .bss               zero     0x2000016e     0x1  Logic.o [1]
  .bss               zero     0x2000016f     0x1  Logic.o [1]
  .bss               zero     0x20000170     0x1  Logic.o [1]
  .bss               zero     0x20000171     0x1  main.o [1]
  .bss               zero     0x20000172     0x1  main.o [1]
  .bss               zero     0x20000173     0x1  main.o [1]
  .bss               zero     0x20000174     0x1  main.o [1]
  .bss               zero     0x20000175     0x1  main.o [1]
  .bss               zero     0x20000176     0x1  main.o [1]
  .bss               zero     0x20000177     0x1  stm32f10x_it.o [1]
  .bss               zero     0x20000178     0x1  stm32f10x_it.o [1]
  .bss               zero     0x20000179     0x1  stm32f10x_it.o [1]
  .bss               zero     0x2000017a     0x1  stm32f10x_it.o [1]
  .bss               zero     0x2000017b     0x1  stm32f10x_it.o [1]
  .bss               zero     0x2000017c     0x1  stm32f10x_it.o [1]
  .bss               zero     0x2000017d     0x1  stm32f10x_it.o [1]
  .bss               zero     0x2000017e     0x1  stm32f10x_it.o [1]
  .bss               zero     0x2000017f     0x1  stm32f10x_it.o [1]
  .bss               zero     0x20000180     0x1  stm32f10x_it.o [1]
                            - 0x20000181   0x159

"P2", part 3 of 3:                        0x1000
  CSTACK                      0x20000188  0x1000  <Block>
    CSTACK           uninit   0x20000188  0x1000  <Block tail>
                            - 0x20001188  0x1000


*******************************************************************************
*** INIT TABLE
***

          Address     Size
          -------     ----
Zero (__iar_zero_init3)
    1 destination range, total size 0x159:
          0x20000028  0x159

Copy (__iar_copy_init3)
    1 source range, total size 0x28 (102% of destination):
          0x080031f4   0x28
    1 destination range, total size 0x27:
          0x20000000   0x27



*******************************************************************************
*** MODULE SUMMARY
***

    Module                  ro code  ro data  rw data
    ------                  -------  -------  -------
E:\Andy(2015.03.22-)\Project\Fire Alarm System\Sensor\SoftWare\Sensor_Software_V0.2\Debug\Obj: [1]
    Bottom.o                  1 848                42
    Logic.o                   4 112       36      253
    Variable.o                                     16
    main.o                      144                10
    misc.o                      128
    startup_stm32f10x_md.o      256
    stm32f10x_adc.o             420
    stm32f10x_can.o           1 396
    stm32f10x_dma.o             436
    stm32f10x_flash.o           380
    stm32f10x_gpio.o            200
    stm32f10x_it.o            1 212        3       63
    stm32f10x_iwdg.o             56
    stm32f10x_rcc.o             196
    stm32f10x_tim.o             752
    system_stm32f10x.o          348
    -------------------------------------------------
    Total:                   11 884       39      384

command line: [2]
    -------------------------------------------------
    Total:

dl7M_tlf.a: [3]
    exit.o                        4
    low_level_init.o              4
    memcpy.o                     12
    -------------------------------------------------
    Total:                       20

m7M_tl.a: [4]
    DblMul.o                    418
    DblToI32.o                   76
    I32ToDbl.o                   44
    -------------------------------------------------
    Total:                      538

rt7M_tl.a: [5]
    ABImemcpy_unaligned.o       118
    cexit.o                      10
    cmain.o                      26
    copy_init3.o                 46
    cstartup_M.o                 12
    data_init.o                  40
    zero_init3.o                 34
    -------------------------------------------------
    Total:                      286

shb_l.a: [6]
    exit.o                       20
    -------------------------------------------------
    Total:                       20

    Gaps                          4
    Linker created                        37    4 096
-----------------------------------------------------
    Grand Total:             12 752       76    4 480


*******************************************************************************
*** ENTRY LIST
***

Entry                      Address   Size  Type      Object
-----                      -------   ----  ----      ------
?main                   0x08003191         Code  Gb  cmain.o [5]
ADC1_DMA_Config         0x080016cb  0x110  Code  Gb  Bottom.o [1]
ADCConvertedValue       0x200000b8   0x28  Data  Gb  Bottom.o [1]
ADC_Cmd                 0x080028ad   0x1a  Code  Gb  stm32f10x_adc.o [1]
ADC_DMACmd              0x080028c7   0x1a  Code  Gb  stm32f10x_adc.o [1]
ADC_GetCalibrationStatus
                        0x08002909   0x14  Code  Gb  stm32f10x_adc.o [1]
ADC_GetResetCalibrationStatus
                        0x080028eb   0x14  Code  Gb  stm32f10x_adc.o [1]
ADC_Init                0x08002861   0x4c  Code  Gb  stm32f10x_adc.o [1]
ADC_RegularChannelConfig
                        0x08002937   0xc4  Code  Gb  stm32f10x_adc.o [1]
ADC_ResetCalibration    0x080028e1    0xa  Code  Gb  stm32f10x_adc.o [1]
ADC_SoftwareStartConvCmd
                        0x0800291d   0x1a  Code  Gb  stm32f10x_adc.o [1]
ADC_StartCalibration    0x080028ff    0xa  Code  Gb  stm32f10x_adc.o [1]
BusFault_Handler        0x08002f4d    0x2  Code  Gb  stm32f10x_it.o [1]
CAN_Byte2               0x20000140    0x4  Data  Gb  stm32f10x_it.o [1]
CAN_Byte3               0x20000144    0x4  Data  Gb  stm32f10x_it.o [1]
CAN_ClearITPendingBit   0x080025f7   0x92  Code  Gb  stm32f10x_can.o [1]
CAN_Config              0x08001549  0x182  Code  Gb  Bottom.o [1]
CAN_DeInit              0x08002139   0x36  Code  Gb  stm32f10x_can.o [1]
CAN_ExtID               0x2000013c    0x4  Data  Gb  main.o [1]
CAN_FIFORelease         0x080025c5   0x1a  Code  Gb  stm32f10x_can.o [1]
CAN_FilterInit          0x0800227f  0x112  Code  Gb  stm32f10x_can.o [1]
CAN_ITConfig            0x080025df   0x18  Code  Gb  stm32f10x_can.o [1]
CAN_Init                0x0800216f  0x110  Code  Gb  stm32f10x_can.o [1]
CAN_Period              0x20000175    0x1  Data  Gb  main.o [1]
CAN_ReOk                0x20000177    0x1  Data  Gb  stm32f10x_it.o [1]
CAN_Receive             0x080024dd   0xe8  Code  Gb  stm32f10x_can.o [1]
CAN_StructInit          0x08002391   0x2e  Code  Gb  stm32f10x_can.o [1]
CAN_Transmit            0x080023bf  0x11e  Code  Gb  stm32f10x_can.o [1]
CSTACK$$Base            0x20000188          --   Gb  - Linker created -
CSTACK$$Limit           0x20001188          --   Gb  - Linker created -
CheckCO                 0x0800079f   0xc6  Code  Gb  Logic.o [1]
CheckFlame              0x080008c9  0x1b0  Code  Gb  Logic.o [1]
ChenckIon               0x0800065f  0x140  Code  Gb  Logic.o [1]
DMA_Cmd                 0x080027f5   0x1c  Code  Gb  stm32f10x_dma.o [1]
DMA_DeInit              0x080026ad  0x10a  Code  Gb  stm32f10x_dma.o [1]
DMA_ITConfig            0x08002811   0x18  Code  Gb  stm32f10x_dma.o [1]
DMA_Init                0x080027b7   0x3e  Code  Gb  stm32f10x_dma.o [1]
DS18B20ID               0x20000028   0x50  Data  Gb  Logic.o [1]
DS18B20NUM              0x20000176    0x1  Data  Gb  main.o [1]
DS18B20_IO_IN           0x08001175   0x1a  Code  Gb  Bottom.o [1]
DS18B20_IO_OUT          0x0800118f   0x20  Code  Gb  Bottom.o [1]
DS18B20_ReadDesignateTemper
                        0x0800046f  0x14a  Code  Gb  Logic.o [1]
DS18B20_Read_Byte       0x080012f1   0x5a  Code  Gb  Bottom.o [1]
DS18B20_Reset           0x080011af   0x5e  Code  Gb  Bottom.o [1]
DebugMon_Handler        0x08002f53    0x2  Code  Gb  stm32f10x_it.o [1]
EXTI9_5_IRQHandler      0x08002f47    0x2  Code  Gb  stm32f10x_it.o [1]
FLASH_ClearFlag         0x08001c47    0x6  Code  Gb  stm32f10x_flash.o [1]
FLASH_ErasePage         0x08001b69   0x5e  Code  Gb  stm32f10x_flash.o [1]
FLASH_GetBank1Status    0x08001c4d   0x2c  Code  Gb  stm32f10x_flash.o [1]
FLASH_Lock              0x08001b57   0x12  Code  Gb  stm32f10x_flash.o [1]
FLASH_ProgramWord       0x08001bc7   0x80  Code  Gb  stm32f10x_flash.o [1]
FLASH_Unlock            0x08001b41   0x16  Code  Gb  stm32f10x_flash.o [1]
FLASH_WaitForLastOperation
                        0x08001c91   0x2c  Code  Gb  stm32f10x_flash.o [1]
FedBackFlag             0x20000179    0x1  Data  Gb  stm32f10x_it.o [1]
FlashBuffer1            0x2000000c    0x8  Data  Gb  Logic.o [1]
FlashBuffer2            0x20000014    0x8  Data  Gb  Logic.o [1]
FlashBuffer3            0x2000001c    0x8  Data  Gb  Logic.o [1]
Flash_Wr1               0x08000b29   0x5e  Code  Gb  Logic.o [1]
Flash_Wr2               0x08000b89   0x5e  Code  Gb  Logic.o [1]
GPIO_Init               0x08001cc9   0xc8  Code  Gb  stm32f10x_gpio.o [1]
HardFault_Handler       0x08002f49    0x2  Code  Gb  stm32f10x_it.o [1]
IWDG_Enable             0x08001db3    0xa  Code  Gb  stm32f10x_iwdg.o [1]
IWDG_Feed               0x080013a1    0x8  Code  Gb  Bottom.o [1]
IWDG_Init               0x08001379   0x28  Code  Gb  Bottom.o [1]
IWDG_ReloadCounter      0x08001da9    0xa  Code  Gb  stm32f10x_iwdg.o [1]
IWDG_SetPrescaler       0x08001d99    0x8  Code  Gb  stm32f10x_iwdg.o [1]
IWDG_SetReload          0x08001da1    0x8  Code  Gb  stm32f10x_iwdg.o [1]
IWDG_WriteAccessCmd     0x08001d91    0x8  Code  Gb  stm32f10x_iwdg.o [1]
Key_IOInit              0x080014a9   0x46  Code  Gb  Bottom.o [1]
LED_IOInit              0x080014ef   0x5a  Code  Gb  Bottom.o [1]
MemManage_Handler       0x08002f4b    0x2  Code  Gb  stm32f10x_it.o [1]
NMI_Handler             0x08002ac9    0x2  Code  Gb  stm32f10x_it.o [1]
NVIC_DisableIRQ         0x08002ab3   0x16  Code  Lc  stm32f10x_it.o [1]
NVIC_EnableIRQ          0x08002a9d   0x16  Code  Lc  stm32f10x_it.o [1]
NVIC_Init               0x080020c3   0x62  Code  Gb  misc.o [1]
NVIC_InitStructure      0x20000148    0x4  Data  Gb  Variable.o [1]
NVIC_PriorityGroupConfig
                        0x080020b9    0xa  Code  Gb  misc.o [1]
OpenClock               0x0800134b   0x2e  Code  Gb  Bottom.o [1]
PendSV_Handler          0x08002f55    0x2  Code  Gb  stm32f10x_it.o [1]
RCC_AHBPeriphClockCmd   0x08001a87   0x20  Code  Gb  stm32f10x_rcc.o [1]
RCC_APB1PeriphClockCmd  0x08001ac7   0x20  Code  Gb  stm32f10x_rcc.o [1]
RCC_APB1PeriphResetCmd  0x08001b07   0x20  Code  Gb  stm32f10x_rcc.o [1]
RCC_APB2PeriphClockCmd  0x08001aa7   0x20  Code  Gb  stm32f10x_rcc.o [1]
RCC_APB2PeriphResetCmd  0x08001ae7   0x20  Code  Gb  stm32f10x_rcc.o [1]
RCC_HSICmd              0x08001a7d    0xa  Code  Gb  stm32f10x_rcc.o [1]
Read_Bit                0x080012a9   0x48  Code  Gb  Bottom.o [1]
Region$$Table$$Base     0x0800316c          --   Gb  - Linker created -
Region$$Table$$Limit    0x08003190          --   Gb  - Linker created -
RxMessage               0x200000f4   0x14  Data  Gb  stm32f10x_it.o [1]
SVC_Handler             0x08002f51    0x2  Code  Gb  stm32f10x_it.o [1]
SdTempValue             0x20000152    0x2  Data  Gb  stm32f10x_it.o [1]
SearchRomID             0x080000ed  0x382  Code  Gb  Logic.o [1]
SetSysClock             0x08002fad    0x8  Code  Lc  system_stm32f10x.o [1]
SetSysClockTo72         0x08002fb5   0xe0  Code  Lc  system_stm32f10x.o [1]
SmokeEnsure             0x08000865   0x64  Code  Gb  Logic.o [1]
StateByte               0x20000130    0x4  Data  Gb  Logic.o [1]
SysTick_Handler         0x08002f57    0x2  Code  Gb  stm32f10x_it.o [1]
SystemInit              0x08002f59   0x54  Code  Gb  system_stm32f10x.o [1]
TIM2_IRQHandler         0x08002acb  0x216  Code  Gb  stm32f10x_it.o [1]
TIM3_IRQHandler         0x08002ce1  0x1a6  Code  Gb  stm32f10x_it.o [1]
TIM4_IRQHandler         0x08002e87    0x2  Code  Gb  stm32f10x_it.o [1]
TIM_ClearITPendingBit   0x0800206f    0x8  Code  Gb  stm32f10x_tim.o [1]
TIM_Cmd                 0x0800203b   0x1c  Code  Gb  stm32f10x_tim.o [1]
TIM_DeInit              0x08001dc9  0x1de  Code  Gb  stm32f10x_tim.o [1]
TIM_ITConfig            0x08002057   0x18  Code  Gb  stm32f10x_tim.o [1]
TIM_TimeBaseInit        0x08001fa7   0x94  Code  Gb  stm32f10x_tim.o [1]
TIM_TimerBaseStruct     0x2000011c    0xc  Data  Gb  Variable.o [1]
TempLineCheck           0x08000a79   0xac  Code  Gb  Logic.o [1]
TempLineSort            0x20000156    0x1  Data  Gb  Logic.o [1]
TempOverFlag            0x20000178    0x1  Data  Gb  stm32f10x_it.o [1]
Time3Init               0x08001429   0x80  Code  Gb  Bottom.o [1]
TimeOut_50ms            0x080013a9   0x80  Code  Gb  Bottom.o [1]
Time_H                  0x20000173    0x1  Data  Gb  main.o [1]
Time_M                  0x20000172    0x1  Data  Gb  main.o [1]
Time_S                  0x20000171    0x1  Data  Gb  main.o [1]
USART1_IRQHandler       0x08002f45    0x2  Code  Gb  stm32f10x_it.o [1]
USB_LP_CAN1_RX0_IRQHandler
                        0x08002e89   0x3c  Code  Gb  stm32f10x_it.o [1]
UsageFault_Handler      0x08002f4f    0x2  Code  Gb  stm32f10x_it.o [1]
WarningMaskBit          0x20000174    0x1  Data  Gb  main.o [1]
WriteIonValue           0x08000fb9   0x7a  Code  Gb  Logic.o [1]
__aeabi_d2iz            0x08001a31         Code  Gb  DblToI32.o [4]
__aeabi_dmul            0x08001861         Code  Gb  DblMul.o [4]
__aeabi_i2d             0x08001835         Code  Gb  I32ToDbl.o [4]
__cmain                 0x08003191         Code  Gb  cmain.o [5]
__exit                  0x080031c1   0x14  Code  Gb  exit.o [6]
__iar_copy_init3        0x08001a03   0x2e  Code  Gb  copy_init3.o [5]
__iar_d2uiz             0x08001a5d         Code  Gb  DblToI32.o [4]
__iar_data_init3        0x08003145   0x28  Code  Gb  data_init.o [5]
__iar_program_start     0x080031e5         Code  Gb  cstartup_M.o [5]
__iar_ui2d              0x08001849         Code  Gb  I32ToDbl.o [4]
__iar_unaligned___aeabi_memcpy
                        0x08002a05         Code  Gb  ABImemcpy_unaligned.o [5]
__iar_unaligned___aeabi_memcpy4
                        0x08002a25         Code  Gb  ABImemcpy_unaligned.o [5]
__iar_unaligned___aeabi_memcpy8
                        0x08002a25         Code  Gb  ABImemcpy_unaligned.o [5]
__iar_zero_init3        0x08002a7b   0x22  Code  Gb  zero_init3.o [5]
__low_level_init        0x080031ab    0x4  Code  Gb  low_level_init.o [3]
__vector_table          0x08000000         Data  Gb  startup_stm32f10x_md.o [1]
_call_main              0x0800319d         Code  Gb  cmain.o [5]
_exit                   0x080031b5         Code  Gb  cexit.o [5]
_main                   0x080031a7         Code  Gb  cmain.o [5]
delay_ms                0x08001137   0x3e  Code  Gb  Bottom.o [1]
delay_us                0x080010fd   0x3a  Code  Gb  Bottom.o [1]
exit                    0x080031af    0x4  Code  Gb  exit.o [3]
main                    0x080030b5   0x90  Code  Gb  main.o [1]
memcpy                  0x08001cbd    0xc  Code  Gb  memcpy.o [3]
searchHighTemp          0x080005b9   0xa6  Code  Gb  Logic.o [1]
temparray               0x200000e0   0x14  Data  Gb  Logic.o [1]
update_CANID            0x08000c11  0x39c  Code  Gb  Logic.o [1]
wr_ds18b20              0x08001251   0x58  Code  Gb  Bottom.o [1]
wr_one_bit              0x08001211   0x40  Code  Gb  Bottom.o [1]


[1] = E:\Andy(2015.03.22-)\Project\Fire Alarm System\Sensor\SoftWare\Sensor_Software_V0.2\Debug\Obj
[2] = command line
[3] = dl7M_tlf.a
[4] = m7M_tl.a
[5] = rt7M_tl.a
[6] = shb_l.a

  12 752 bytes of readonly  code memory
      76 bytes of readonly  data memory
   4 480 bytes of readwrite data memory

Errors: none
Warnings: none
